PHPUnit 10.5.58 by Sebastian Bergmann and contributors.

Runtime:       PHP 8.4.8
Configuration: I:\laravel-logging\phpunit.xml

.......
ΓòöΓòÉΓòÉΓòÉΓòÉΓòÉΓòÉΓòÉΓòÉΓòÉΓòÉΓòÉΓòÉΓòÉΓòÉΓòÉΓòÉΓòÉΓòÉΓòÉΓòÉΓòÉΓòÉΓòÉΓòÉΓòÉΓòÉΓòÉΓòÉΓòÉΓòÉΓòÉΓòÉΓòÉΓòÉΓòÉΓòÉΓòÉΓòÉΓòÉΓòÉΓòÉΓòÉΓòÉΓòÉΓòÉΓòÉΓòÉΓòÉΓòÉΓòÉΓòÉΓòÉΓòÉΓòÉΓòÉΓòÉΓòÉΓòÉΓòÉΓòÉΓòù
Γòæ     SUPERLOG CHECK COMMAND - DIAGNOSTIC TESTS PASS        Γòæ
ΓòÜΓòÉΓòÉΓòÉΓòÉΓòÉΓòÉΓòÉΓòÉΓòÉΓòÉΓòÉΓòÉΓòÉΓòÉΓòÉΓòÉΓòÉΓòÉΓòÉΓòÉΓòÉΓòÉΓòÉΓòÉΓòÉΓòÉΓòÉΓòÉΓòÉΓòÉΓòÉΓòÉΓòÉΓòÉΓòÉΓòÉΓòÉΓòÉΓòÉΓòÉΓòÉΓòÉΓòÉΓòÉΓòÉΓòÉΓòÉΓòÉΓòÉΓòÉΓòÉΓòÉΓòÉΓòÉΓòÉΓòÉΓòÉΓòÉΓòÉΓòÉΓò¥

Γ£à Test 1: Trace ID generation
Γ£à Test 2: Request sequence numbering
Γ£à Test 3: Text formatting
Γ£à Test 4: JSON formatting
Γ£à Test 5: Trace ID isolation
Γ£à Test 6: Sequence reset per request
Γ£à Test 7: Formatted output structure

Usage:
  php artisan superlog:check                    # Run basic checks
  php artisan superlog:check --test             # Also write test entry
  php artisan superlog:check --diagnostics      # Also run diagnostic tests + log file verification
  php artisan superlog:check --test --diagnostics # All checks + tests + log file write

Expected log format:
  [2025-10-20T10:47:15.123456Z] superlog.INFO: [uuid:0000000001] [SECTION] message
.
=== STEP 1: Log Entry Creation ===
Γ£ô Log entry created with trace_id and req_seq

=== STEP 2: Entry Formatting ===
Formatted output:
[2025-10-20T11:28:46+00:00] superlog.INFO: [trace-abc-123:0000000001] [TEST_SECTION] Test message {"user_id":123}
Γ£ô Trace ID and req_seq visible in formatted output

=== STEP 3: Entry Structure ===
Γ£ô All required fields present in entry

=== STEP 4: Data Passed to Handler ===
Entry trace_id: trace-abc-123
Entry req_seq: 0000000001
Entry level: INFO
Entry section: [TEST_SECTION]
Entry message: Test message
Γ£ô All fields ready for handler processing
.
=== Logging Multiple Entries ===
Entry 1 seq: 0000000001
Entry 2 seq: 0000000002
Entry 3 seq: 0000000003

Γ£ô Sequence properly incremented across entries
.
=== DIAGNOSTIC: Where Does The Issue Occur? ===

1. StructuredLogger Output:
   - trace_id present: Γ£ô debug-trace-001
   - req_seq present: Γ£ô 0000000001
   - formatted output: Γ£ô Contains trace_id:seq

2. writeToLog Method:
   - Method is called internally when log() is executed
   - It passes: trace_id, req_seq, and complete _superlog_entry in context
   - Channel: superlog

3. What SuperlogHandler Should Receive:
   - Log context should contain: _superlog_entry key with complete entry
   - Log context should contain: trace_id, req_seq, section, correlation
   - Log record message: Message

4. Expected Log File Output:
   [2025-10-20T11:28:46+00:00] superlog.INFO: [debug-trace-001:0000000001] [TEST] Message

Γ£ô Diagnostic check complete. Trace ID and seq are present.
.
=== COMMON INTEGRATION ISSUES ===

Issue 1: initializeRequest() not called
   Symptom: trace_id is null, req_seq is '0000000000'
   Fix: Call Superlog::initializeRequest() at the start of request

Issue 2: Using Log::info() instead of Superlog::log()
   Symptom: Logs appear in default 'local' channel, not 'superlog' channel
   Fix: Use Superlog facade: Superlog::log('info', 'SECTION', 'message')

Issue 3: 'superlog' channel not configured in config/logging.php
   Symptom: Logs don't appear or go to wrong file
   Fix: Add 'superlog' channel to config/logging.php

Issue 4: SuperlogHandler not attached to 'superlog' channel
   Symptom: Logs bypass custom handler, appear in wrong format
   Fix: Configure handler in config/logging.php

Issue 5: Middleware logs before Superlog initialization
   Symptom: Some logs have trace_id, some don't
   Fix: Initialize Superlog in an early middleware

Issue 6: Different middleware using different logging methods
   Symptom: Inconsistent log formats
   Fix: Use Superlog consistently across all middleware

.
ΓòöΓòÉΓòÉΓòÉΓòÉΓòÉΓòÉΓòÉΓòÉΓòÉΓòÉΓòÉΓòÉΓòÉΓòÉΓòÉΓòÉΓòÉΓòÉΓòÉΓòÉΓòÉΓòÉΓòÉΓòÉΓòÉΓòÉΓòÉΓòÉΓòÉΓòÉΓòÉΓòÉΓòÉΓòÉΓòÉΓòÉΓòÉΓòÉΓòÉΓòÉΓòÉΓòÉΓòÉΓòÉΓòÉΓòÉΓòÉΓòÉΓòÉΓòÉΓòÉΓòÉΓòÉΓòÉΓòÉΓòÉΓòÉΓòÉΓòÉΓòÉΓòù
Γòæ          SUPERLOG INTEGRATION DIAGNOSTIC REPORT            Γòæ
ΓòÜΓòÉΓòÉΓòÉΓòÉΓòÉΓòÉΓòÉΓòÉΓòÉΓòÉΓòÉΓòÉΓòÉΓòÉΓòÉΓòÉΓòÉΓòÉΓòÉΓòÉΓòÉΓòÉΓòÉΓòÉΓòÉΓòÉΓòÉΓòÉΓòÉΓòÉΓòÉΓòÉΓòÉΓòÉΓòÉΓòÉΓòÉΓòÉΓòÉΓòÉΓòÉΓòÉΓòÉΓòÉΓòÉΓòÉΓòÉΓòÉΓòÉΓòÉΓòÉΓòÉΓòÉΓòÉΓòÉΓòÉΓòÉΓòÉΓòÉΓòÉΓò¥

Γ£ô PACKAGE TESTS: All 10 core tests passing
Γ£ô TRACE_ID GENERATION: UUID v4 format
Γ£ô REQ_SEQ SEQUENCE: Proper incrementation
Γ£ô FORMATTING: trace_id:req_seq in text output
Γ£ô JSON OUTPUT: All fields included

NEXT STEPS:
1. Verify config/logging.php has 'superlog' channel configured
2. Check that middleware calls Superlog::initializeRequest()
3. Replace Log::* calls with Superlog::* calls
4. Run 'php artisan superlog:check --test' in Laravel app
5. Check storage/logs/laravel-*.log for trace_id:req_seq format

EXPECTED FORMAT IN LOGS:
[2025-10-20T10:47:15.123456Z] superlog.INFO: [uuid:0000000001] [SECTION] message
     Γåæ ISO8601 timestamp
                                      Γåæ 'superlog' channel (not 'local')
                                                       Γåæ trace_id:req_seq

...WFW..................                              36 / 36 (100%)

Time: 00:00.967, Memory: 14.00 MB

There were 2 PHPUnit test runner warnings:

1) Test results may not be as expected because the XML configuration file did not pass validation:

  Line 8:
  - Element 'phpunit', attribute 'verbose': The attribute 'verbose' is not allowed.

  Line 21:
  - Element 'coverage', attribute 'processUncoveredFiles': The attribute 'processUncoveredFiles' is not allowed.


2) XDEBUG_MODE=coverage (environment variable) or xdebug.mode=coverage (PHP configuration setting) has to be set

--

There was 1 failure:

1) Superlog\Tests\SuperlogTest::test_log_middleware_timing
Failed asserting that '*' matches expected 3.

I:\laravel-logging\tests\SuperlogTest.php:120

FAILURES!
Tests: 36, Assertions: 104, Failures: 1, PHPUnit Warnings: 2, Warnings: 3.
